Microchip MPLAB XC8 Compiler V1.45 ()

Linker command line:

-W-3 --edf=C:\Program Files (x86)\Microchip\xc8\v1.45\dat\en_msgs.txt -cs \
  -h+dist/default/production\squelette_ZigBee_2023.X.production.sym \
  --cmf=dist/default/production\squelette_ZigBee_2023.X.production.cmf -z \
  -Q18F45K20 -oC:\Users\vmd\AppData\Local\Temp\si4.2 \
  -Mdist/default/production/squelette_ZigBee_2023.X.production.map -E1 \
  -ver=XC8 -ASTACK=09Ch-05ffh -pstack=STACK -ACODE=00h-07FFFh \
  -ACONST=00h-07FFFh -ASMALLCONST=0600h-06FFhx122 \
  -AMEDIUMCONST=0600h-07FFFh -ACOMRAM=01h-05Fh -AABS1=00h-05FFh \
  -ABIGRAM=01h-05FFh -ARAM=060h-0FFh,0100h-01FFhx5 -ABANK0=060h-0FFh \
  -ABANK1=0100h-01FFh -ABANK2=0200h-02FFh -ABANK3=0300h-03FFh \
  -ABANK4=0400h-04FFh -ABANK5=0500h-05FFh -ASFR=0F60h-0FFFh \
  -preset_vec=00h,intcode=08h,intcodelo,powerup,init -pramtop=0600h \
  -psmallconst=SMALLCONST -pmediumconst=MEDIUMCONST -pconst=CONST \
  -AFARRAM=00h-00h -ACONFIG=0300000h-030000Dh -pconfig=CONFIG \
  -AIDLOC=0200000h-0200007h -pidloc=IDLOC -AEEDATA=0F00000h-0F000FFh \
  -peeprom_data=EEDATA \
  -prdata=COMRAM,nvrram=COMRAM,nvbit=COMRAM,rbss=COMRAM,rbit=COMRAM \
  -pfarbss=FARRAM,fardata=FARRAM,nvFARRAM=FARRAM \
  -pintsave_regs=BIGRAM,bigbss=BIGRAM,bigdata=BIGRAM -pbss=RAM \
  -pidata=CODE,irdata=CODE,ibigdata=CODE,ifardata=CODE -prparam=COMRAM \
  C:\Users\vmd\AppData\Local\Temp\si4.obj \
  dist/default/production\squelette_ZigBee_2023.X.production.obj 

Object code version is 3.11

Machine type is 18F45K20

Call graph: (short form)




                Name                               Link     Load   Length Selector   Space Scale
C:\Users\vmd\AppData\Local\Temp\si4.obj
                init                                194      194        4        4       0
                reset_vec                             0        0        4        0       0
                idloc                            200000   200000        8   200000       0
                config                           300000   300000        E   300000       0
dist/default/production\squelette_ZigBee_2023.X.production.obj
                intcode                               8        8      18C        4       0
                temp                                 31       31        1        1       1
                smallconst                          600      600        6      300       0
                text6                               66E      66E       3A      303       0
                text5                               714      714       14      303       0
                text4                               734      734        A      303       0
                text3                               728      728        C      303       0
                text2                               6A8      6A8       2A      303       0
                text1                               6FA      6FA       1A      303       0
                text0                               606      606       68      303       0
                cstackCOMRAM                          1        1       1F        1       1
                bssBANK0                             60       60       3C       60       1
                bssCOMRAM                            20       20       10        1       1
                bitbssCOMRAM                        180       30        2        1       1     8
                cinit                               6D2      6D2       28      303       0

TOTAL           Name                               Link     Load   Length     Space
        CLASS   STACK          

        CLASS   CODE           
                intcode                               8        8      18C         0
                init                                194      194        4         0
                reset_vec                             0        0        4         0
                text6                               66E      66E       3A         0
                text5                               714      714       14         0
                text4                               734      734        A         0
                text3                               728      728        C         0
                text2                               6A8      6A8       2A         0
                text1                               6FA      6FA       1A         0
                text0                               606      606       68         0
                cinit                               6D2      6D2       28         0

        CLASS   CONST          

        CLASS   SMALLCONST     
                smallconst                          600      600        6         0

        CLASS   MEDIUMCONST    

        CLASS   COMRAM         
                temp                                 31       31        1         1
                cstackCOMRAM                          1        1       1F         1
                bssCOMRAM                            20       20       10         1
                bitbssCOMRAM                        180       30        2         1

        CLASS   ABS1           

        CLASS   BIGRAM         

        CLASS   RAM            

        CLASS   BANK0          
                bssBANK0                             60       60       3C         1

        CLASS   BANK1          

        CLASS   BANK2          

        CLASS   BANK3          

        CLASS   BANK4          

        CLASS   BANK5          

        CLASS   SFR            

        CLASS   FARRAM         

        CLASS   CONFIG         
                config                           300000   300000        E         0

        CLASS   IDLOC          
                idloc                            200000   200000        8         0

        CLASS   EEDATA         



SEGMENTS        Name                           Load    Length   Top    Selector   Space  Class

                reset_vec                      000000  000004  000004         0       0  CODE    
                cstackCOMRAM                   000001  000031  000032         1       1  COMRAM  
                intcode                        000008  000190  000198         4       0  CODE    
                bssBANK0                       000060  00003C  00009C        60       1  BANK0   
                smallconst                     000600  000006  000606       300       0  SMALLCON
                text0                          000606  000138  00073E       303       0  CODE    
                idloc                          200000  000008  200008    200000       0  IDLOC   
                config                         300000  00000E  30000E    300000       0  CONFIG  


UNUSED ADDRESS RANGES

        Name                Unused          Largest block    Delta
        BANK0            00009C-0000FF               64
        BANK1            000100-0001FF              100
        BANK2            000200-0002FF              100
        BANK3            000300-0003FF              100
        BANK4            000400-0004FF              100
        BANK5            000500-0005FF              100
        BIGRAM           000032-00005F               2E
                         00009C-0005FF              564
        CODE             000004-000007                4
                         000198-0005FF              468
                         00073E-007FFF             78C2
        COMRAM           000032-00005F               2E
        CONST            000004-000007                4
                         000198-0005FF              468
                         00073E-007FFF             78C2
        EEDATA           F00000-F000FF              100
        MEDIUMCONST      00073E-007FFF             78C2
        RAM              00009C-0005FF              100
        SFR              000F60-000FFF               A0
        SMALLCONST       00073E-007FFF              100
        STACK            00009C-0005FF              564

                                  Symbol Table

?_printf                  cstackCOMRAM 000018
Delay1Second@i            cstackCOMRAM 000018
_BRG16                    (abs)        007DC3
_Data                     bssCOMRAM    00002F
_Data_1                   bssCOMRAM    00002E
_Data_2                   bssCOMRAM    00002D
_Delay1Second             text6        00066E
_GIE                      (abs)        007F97
_InitUSART_19200          text5        000714
_LATA4                    (abs)        007C4C
_LATD6                    (abs)        007C66
_NbrInt                   bssCOMRAM    000026
_PEIE                     (abs)        007F96
_PIE1bits                 (abs)        000F9D
_PIR1bits                 (abs)        000F9E
_RCIE                     (abs)        007CED
_RCIF                     (abs)        007CF5
_RCIP                     (abs)        007CFD
_RCREG                    (abs)        000FAE
_RCSTAbits                (abs)        000FAB
_SPBRG                    (abs)        000FAF
_Start                    bssCOMRAM    00002C
_Start1                   bssCOMRAM    00002B
_Start2                   bssCOMRAM    00002A
_TRISA4                   (abs)        007C94
_TRISD6                   (abs)        007CAE
_TXREG                    (abs)        000FAD
_TXSTAbits                (abs)        000FAC
_TrameERROROK             bssCOMRAM    000020
_TrameFin                 bssCOMRAM    000022
_TrameStart               bssCOMRAM    000024
__CFG_BOREN$SBORDIS       (abs)        000000
__CFG_BORV$18             (abs)        000000
__CFG_CCP2MX$PORTC        (abs)        000000
__CFG_CP0$OFF             (abs)        000000
__CFG_CP1$OFF             (abs)        000000
__CFG_CP2$OFF             (abs)        000000
__CFG_CP3$OFF             (abs)        000000
__CFG_CPB$OFF             (abs)        000000
__CFG_CPD$OFF             (abs)        000000
__CFG_EBTR0$OFF           (abs)        000000
__CFG_EBTR1$OFF           (abs)        000000
__CFG_EBTR2$OFF           (abs)        000000
__CFG_EBTR3$OFF           (abs)        000000
__CFG_EBTRB$OFF           (abs)        000000
__CFG_FCMEN$OFF           (abs)        000000
__CFG_FOSC$HS             (abs)        000000
__CFG_HFOFST$ON           (abs)        000000
__CFG_IESO$OFF            (abs)        000000
__CFG_LPT1OSC$OFF         (abs)        000000
__CFG_LVP$ON              (abs)        000000
__CFG_MCLRE$ON            (abs)        000000
__CFG_PBADEN$OFF          (abs)        000000
__CFG_PWRT$OFF            (abs)        000000
__CFG_STVREN$ON           (abs)        000000
__CFG_WDTEN$OFF           (abs)        000000
__CFG_WDTPS$32768         (abs)        000000
__CFG_WRT0$OFF            (abs)        000000
__CFG_WRT1$OFF            (abs)        000000
__CFG_WRT2$OFF            (abs)        000000
__CFG_WRT3$OFF            (abs)        000000
__CFG_WRTB$OFF            (abs)        000000
__CFG_WRTC$OFF            (abs)        000000
__CFG_WRTD$OFF            (abs)        000000
__CFG_XINST$OFF           (abs)        000000
__HRAM                    (abs)        000000
__Habs1                   abs1         000000
__Hbank0                  bank0        000000
__Hbank1                  bank1        000000
__Hbank2                  bank2        000000
__Hbank3                  bank3        000000
__Hbank4                  bank4        000000
__Hbank5                  bank5        000000
__Hbigbss                 bigbss       000000
__Hbigdata                bigdata      000000
__Hbigram                 bigram       000000
__HbitbssCOMRAM           bitbssCOMRAM 000000
__Hbss                    bss          000000
__HbssBANK0               bssBANK0     000000
__HbssCOMRAM              bssCOMRAM    000000
__Hcinit                  cinit        000000
__Hclrtext                clrtext      000000
__Hcomram                 comram       000000
__Hconfig                 config       30000E
__Hconst                  const        000000
__HcstackCOMRAM           cstackCOMRAM 000000
__Hdata                   data         000000
__Heeprom_data            eeprom_data  000000
__Hfarbss                 farbss       000000
__Hfardata                fardata      000000
__Hibigdata               ibigdata     000000
__Hidata                  idata        000000
__Hidloc                  idloc        200008
__Hifardata               ifardata     000000
__Hinit                   init         000198
__Hintcode                intcode      000194
__Hintcode_body           intcode_body 000000
__Hintcodelo              intcodelo    000194
__Hintentry               intentry     000000
__Hintret                 intret       000000
__Hintsave_regs           intsave_regs 000000
__Hirdata                 irdata       000000
__Hmediumconst            mediumconst  000000
__HnvFARRAM               nvFARRAM     000000
__Hnvbit                  nvbit        000000
__Hnvrram                 nvrram       000000
__Hparam                  rparam       000000
__Hpowerup                powerup      000194
__Hram                    ram          000000
__Hramtop                 ramtop       000600
__Hrbit                   rbit         000000
__Hrbss                   rbss         000000
__Hrdata                  rdata        000000
__Hreset_vec              reset_vec    000004
__Hrparam                 rparam       000000
__Hsfr                    sfr          000000
__Hsmallconst             smallconst   000606
__Hspace_0                (abs)        30000E
__Hspace_1                (abs)        000182
__Hspace_2                (abs)        000000
__Hstack                  stack        000000
__Hstruct                 struct       000000
__Htemp                   temp         000032
__Htext                   text         000000
__Htext0                  text0        000000
__Htext1                  text1        000000
__Htext2                  text2        000000
__Htext3                  text3        000000
__Htext4                  text4        000000
__Htext5                  text5        000000
__Htext6                  text6        000000
__LRAM                    (abs)        000001
__Labs1                   abs1         000000
__Lbank0                  bank0        000000
__Lbank1                  bank1        000000
__Lbank2                  bank2        000000
__Lbank3                  bank3        000000
__Lbank4                  bank4        000000
__Lbank5                  bank5        000000
__Lbigbss                 bigbss       000000
__Lbigdata                bigdata      000000
__Lbigram                 bigram       000000
__LbitbssCOMRAM           bitbssCOMRAM 000000
__Lbss                    bss          000000
__LbssBANK0               bssBANK0     000000
__LbssCOMRAM              bssCOMRAM    000000
__Lcinit                  cinit        000000
__Lclrtext                clrtext      000000
__Lcomram                 comram       000000
__Lconfig                 config       300000
__Lconst                  const        000000
__LcstackCOMRAM           cstackCOMRAM 000000
__Ldata                   data         000000
__Leeprom_data            eeprom_data  000000
__Lfarbss                 farbss       000000
__Lfardata                fardata      000000
__Libigdata               ibigdata     000000
__Lidata                  idata        000000
__Lidloc                  idloc        200000
__Lifardata               ifardata     000000
__Linit                   init         000194
__Lintcode                intcode      000008
__Lintcode_body           intcode_body 000000
__Lintcodelo              intcodelo    000194
__Lintentry               intentry     000000
__Lintret                 intret       000000
__Lintsave_regs           intsave_regs 000000
__Lirdata                 irdata       000000
__Lmediumconst            mediumconst  000000
__LnvFARRAM               nvFARRAM     000000
__Lnvbit                  nvbit        000000
__Lnvrram                 nvrram       000000
__Lparam                  rparam       000000
__Lpowerup                powerup      000194
__Lram                    ram          000000
__Lramtop                 ramtop       000600
__Lrbit                   rbit         000000
__Lrbss                   rbss         000000
__Lrdata                  rdata        000000
__Lreset_vec              reset_vec    000000
__Lrparam                 rparam       000000
__Lsfr                    sfr          000000
__Lsmallconst             smallconst   000600
__Lspace_0                (abs)        000000
__Lspace_1                (abs)        000000
__Lspace_2                (abs)        000000
__Lstack                  stack        000000
__Lstruct                 struct       000000
__Ltemp                   temp         000031
__Ltext                   text         000000
__Ltext0                  text0        000000
__Ltext1                  text1        000000
__Ltext2                  text2        000000
__Ltext3                  text3        000000
__Ltext4                  text4        000000
__Ltext5                  text5        000000
__Ltext6                  text6        000000
__S0                      (abs)        30000E
__S1                      (abs)        00009C
__S2                      (abs)        000000
___inthi_sp               stack        000000
___intlo_sp               stack        000000
___param_bank             (abs)        000000
___rparam_used            (abs)        000001
___sp                     stack        000000
__accesstop               (abs)        000060
__activetblptr            (abs)        000002
__end_of_Delay1Second     text6        0006A8
__end_of_InitUSART_19200  text5        000728
__end_of__initialization  cinit        0006EC
__end_of_iniPorts         text4        00073E
__end_of_isr              intcode      000194
__end_of_main             text0        00066E
__end_of_printf           text2        0006D2
__end_of_putch            text3        000734
__end_of_wait_OK          text1        000714
__initialization          cinit        0006D2
__mediumconst             mediumconst  000000
__pbitbssCOMRAM           bitbssCOMRAM 000180
__pbssBANK0               bssBANK0     000060
__pbssCOMRAM              bssCOMRAM    000020
__pcinit                  cinit        0006D2
__pcstackCOMRAM           cstackCOMRAM 000001
__pintcode                intcode      000008
__psmallconst             smallconst   000600
__ptext0                  text0        000606
__ptext1                  text1        0006FA
__ptext2                  text2        0006A8
__ptext3                  text3        000728
__ptext4                  text4        000734
__ptext5                  text5        000714
__ptext6                  text6        00066E
__ramtop                  ramtop       000600
__size_of_Delay1Second    (abs)        000000
__size_of_InitUSART_19200 (abs)        000000
__size_of_iniPorts        (abs)        000000
__size_of_isr             (abs)        000000
__size_of_main            (abs)        000000
__size_of_printf          (abs)        000000
__size_of_putch           (abs)        000000
__size_of_wait_OK         (abs)        000000
__smallconst              smallconst   000600
_buffin                   bssBANK0     000060
_flag_CONNECT             bitbssCOMRAM 000181
_flag_OK                  bitbssCOMRAM 000180
_iniPorts                 text4        000734
_isr                      intcode      000008
_main                     text0        000606
_printf                   text2        0006A8
_putch                    text3        000728
_rw_ptr                   bssCOMRAM    000028
_wait_OK                  text1        0006FA
btemp                     temp         000031
end_of_initialization     cinit        0006EC
int$flags                 temp         000031
intlevel0                 text         000000
intlevel1                 text         000000
intlevel2                 text         000000
intlevel3                 text         000000
isr@i                     cstackCOMRAM 000015
main@i                    cstackCOMRAM 00001E
printf@ap                 cstackCOMRAM 00001A
printf@c                  cstackCOMRAM 00001C
printf@f                  cstackCOMRAM 000018
putch@c                   cstackCOMRAM 000017
stackhi                   (abs)        0005FF
stacklo                   (abs)        00009C
start                     init         000194
start_initialization      cinit        0006D2
wtemp6                    temp         000032


FUNCTION INFORMATION:

 *************** function _main *****************
 Defined at:
		line 40 in file "main.c"
 Parameters:    Size  Location     Type
		None
 Auto vars:     Size  Location     Type
  i               2   29[COMRAM] int 
 Return value:  Size  Location     Type
                  1    wreg      void 
 Registers used:
		wreg, status,2, status,0, tblptrl, tblptrh, tblptru, cstack
 Tracked objects:
		On entry : 
		On exit  : 
		Unchanged: 
 Data sizes:     COMRAM   BANK0   BANK1   BANK2   BANK3   BANK4   BANK5
      Params:         0       0       0       0       0       0       0
      Locals:         2       0       0       0       0       0       0
      Temps:          1       0       0       0       0       0       0
      Totals:         3       0       0       0       0       0       0
Total ram usage:        3 bytes
 Hardware stack levels required when called:    3
 This function calls:
		_Delay1Second
		_InitUSART_19200
		_iniPorts
		_printf
		_wait_OK
 This function is called by:
		Startup code after reset
 This function uses a non-reentrant model


 *************** function _wait_OK *****************
 Defined at:
		line 165 in file "main.c"
 Parameters:    Size  Location     Type
		None
 Auto vars:     Size  Location     Type
		None
 Return value:  Size  Location     Type
                  1    wreg      void 
 Registers used:
		wreg, status,2
 Tracked objects:
		On entry : 
		On exit  : 
		Unchanged: 
 Data sizes:     COMRAM   BANK0   BANK1   BANK2   BANK3   BANK4   BANK5
      Params:         0       0       0       0       0       0       0
      Locals:         0       0       0       0       0       0       0
      Temps:          0       0       0       0       0       0       0
      Totals:         0       0       0       0       0       0       0
Total ram usage:        0 bytes
 Hardware stack levels used:    1
 Hardware stack levels required when called:    1
 This function calls:
		Nothing
 This function is called by:
		_main
 This function uses a non-reentrant model


 *************** function _printf *****************
 Defined at:
		line 464 in file "C:\Program Files (x86)\Microchip\xc8\v1.45\sources\common\doprnt.c"
 Parameters:    Size  Location     Type
  f               2   23[COMRAM] PTR const unsigned char 
		 -> STR_1(4), 
 Auto vars:     Size  Location     Type
  tmpval          4    0        struct .
  cp              3    0        PTR const unsigned char 
  ap              2   25[COMRAM] PTR void [1]
		 -> ?_printf(2), 
  len             2    0        unsigned int 
  val             2    0        unsigned int 
  c               1   27[COMRAM] char 
  flag            1    0        unsigned char 
  prec            1    0        char 
 Return value:  Size  Location     Type
                  2   23[COMRAM] int 
 Registers used:
		wreg, status,2, status,0, tblptrl, tblptrh, tblptru, cstack
 Tracked objects:
		On entry : 
		On exit  : 
		Unchanged: 
 Data sizes:     COMRAM   BANK0   BANK1   BANK2   BANK3   BANK4   BANK5
      Params:         2       0       0       0       0       0       0
      Locals:         3       0       0       0       0       0       0
      Temps:          0       0       0       0       0       0       0
      Totals:         5       0       0       0       0       0       0
Total ram usage:        5 bytes
 Hardware stack levels used:    1
 Hardware stack levels required when called:    2
 This function calls:
		_putch
 This function is called by:
		_main
 This function uses a non-reentrant model


 *************** function _putch *****************
 Defined at:
		line 33 in file "tmd_lib_v0.c"
 Parameters:    Size  Location     Type
  c               1    wreg     unsigned char 
 Auto vars:     Size  Location     Type
  c               1   22[COMRAM] unsigned char 
 Return value:  Size  Location     Type
                  1    wreg      void 
 Registers used:
		wreg
 Tracked objects:
		On entry : 
		On exit  : 
		Unchanged: 
 Data sizes:     COMRAM   BANK0   BANK1   BANK2   BANK3   BANK4   BANK5
      Params:         0       0       0       0       0       0       0
      Locals:         1       0       0       0       0       0       0
      Temps:          0       0       0       0       0       0       0
      Totals:         1       0       0       0       0       0       0
Total ram usage:        1 bytes
 Hardware stack levels used:    1
 Hardware stack levels required when called:    1
 This function calls:
		Nothing
 This function is called by:
		_printf
 This function uses a non-reentrant model


 *************** function _iniPorts *****************
 Defined at:
		line 25 in file "tmd_lib_v0.c"
 Parameters:    Size  Location     Type
		None
 Auto vars:     Size  Location     Type
		None
 Return value:  Size  Location     Type
                  1    wreg      void 
 Registers used:
		None
 Tracked objects:
		On entry : 
		On exit  : 
		Unchanged: 
 Data sizes:     COMRAM   BANK0   BANK1   BANK2   BANK3   BANK4   BANK5
      Params:         0       0       0       0       0       0       0
      Locals:         0       0       0       0       0       0       0
      Temps:          0       0       0       0       0       0       0
      Totals:         0       0       0       0       0       0       0
Total ram usage:        0 bytes
 Hardware stack levels used:    1
 Hardware stack levels required when called:    1
 This function calls:
		Nothing
 This function is called by:
		_main
 This function uses a non-reentrant model


 *************** function _InitUSART_19200 *****************
 Defined at:
		line 13 in file "tmd_lib_v0.c"
 Parameters:    Size  Location     Type
		None
 Auto vars:     Size  Location     Type
		None
 Return value:  Size  Location     Type
                  1    wreg      void 
 Registers used:
		wreg, status,2
 Tracked objects:
		On entry : 
		On exit  : 
		Unchanged: 
 Data sizes:     COMRAM   BANK0   BANK1   BANK2   BANK3   BANK4   BANK5
      Params:         0       0       0       0       0       0       0
      Locals:         0       0       0       0       0       0       0
      Temps:          0       0       0       0       0       0       0
      Totals:         0       0       0       0       0       0       0
Total ram usage:        0 bytes
 Hardware stack levels used:    1
 Hardware stack levels required when called:    1
 This function calls:
		Nothing
 This function is called by:
		_main
 This function uses a non-reentrant model


 *************** function _Delay1Second *****************
 Defined at:
		line 138 in file "main.c"
 Parameters:    Size  Location     Type
		None
 Auto vars:     Size  Location     Type
  i               2   23[COMRAM] int 
 Return value:  Size  Location     Type
                  1    wreg      void 
 Registers used:
		wreg, status,2, status,0
 Tracked objects:
		On entry : 
		On exit  : 
		Unchanged: 
 Data sizes:     COMRAM   BANK0   BANK1   BANK2   BANK3   BANK4   BANK5
      Params:         0       0       0       0       0       0       0
      Locals:         2       0       0       0       0       0       0
      Temps:          1       0       0       0       0       0       0
      Totals:         3       0       0       0       0       0       0
Total ram usage:        3 bytes
 Hardware stack levels used:    1
 Hardware stack levels required when called:    1
 This function calls:
		Nothing
 This function is called by:
		_main
 This function uses a non-reentrant model


 *************** function _isr *****************
 Defined at:
		line 80 in file "main.c"
 Parameters:    Size  Location     Type
		None
 Auto vars:     Size  Location     Type
  i               2   20[COMRAM] int 
 Return value:  Size  Location     Type
                  1    wreg      void 
 Registers used:
		wreg, fsr2l, fsr2h, status,2, status,0
 Tracked objects:
		On entry : 
		On exit  : 
		Unchanged: 
 Data sizes:     COMRAM   BANK0   BANK1   BANK2   BANK3   BANK4   BANK5
      Params:         0       0       0       0       0       0       0
      Locals:         2       0       0       0       0       0       0
      Temps:         20       0       0       0       0       0       0
      Totals:        22       0       0       0       0       0       0
Total ram usage:       22 bytes
 Hardware stack levels used:    1
 This function calls:
		Nothing
 This function is called by:
		Interrupt level 2
 This function uses a non-reentrant model



MODULE INFORMATION

Module		Function		Class		Link	Load	Size
C:\Program Files (x86)\Microchip\xc8\v1.45\sources\common\doprnt.c
		_printf        		CODE           	06A8	0000	43

C:\Program Files (x86)\Microchip\xc8\v1.45\sources\common\doprnt.c estimated size: 43

tmd_lib_v0.c
		_iniPorts      		CODE           	0734	0000	11
		_putch         		CODE           	0728	0000	13
		_InitUSART_19200		CODE           	0714	0000	21

tmd_lib_v0.c estimated size: 45

shared
		__initialization		CODE           	06D2	0000	27

shared estimated size: 27

main.c
		_wait_OK       		CODE           	06FA	0000	27
		_main          		CODE           	0606	0000	105
		_isr           		CODE           	0008	0000	397
		_Delay1Second  		CODE           	066E	0000	59

main.c estimated size: 588

